// Jest Snapshot v1, https://goo.gl/fbAQLP

exports[`ProposalList matches snapshot 1`] = `
ShallowWrapper {
  "length": 1,
  Symbol(enzyme.__root__): [Circular],
  Symbol(enzyme.__unrendered__): <ProposalList
    onClose={[Function]}
    onSelect={[Function]}
    proposals={Array []}
    selectedProposal={null}
  />,
  Symbol(enzyme.__renderer__): Object {
    "batchedUpdates": [Function],
    "getNode": [Function],
    "render": [Function],
    "simulateEvent": [Function],
    "unmount": [Function],
  },
  Symbol(enzyme.__node__): Object {
    "instance": null,
    "key": undefined,
    "nodeType": "class",
    "props": Object {
      "children": Array [
        <Styled(Header)
          hasSegment={true}
        >
          <Styled(Body)
            style={
              Object {
                "borderColor": "transparent",
                "borderWidth": 0,
                "width": "100%",
              }
            }
          >
            <Component
              style={
                Object {
                  "alignItems": "center",
                  "flexDirection": "row",
                }
              }
            >
              <Styled(Icon)
                name="ios-search"
                style={
                  Object {
                    "color": "#222",
                  }
                }
              />
              <Styled(Input)
                onChange={[Function]}
                placeholder="Search proposals"
                placeholderTextColor="#222"
                style={
                  Object {
                    "color": "#222",
                  }
                }
              />
            </Component>
          </Styled(Body)>
          <Styled(Right)
            style={
              Object {
                "borderColor": "transparent",
                "flex": 0,
              }
            }
          >
            <Styled(Button)
              onPress={[Function]}
              transparent={true}
            >
              <Styled(Text)>
                Close
              </Styled(Text)>
            </Styled(Button)>
          </Styled(Right)>
        </Styled(Header)>,
        <Component
          style={
            Object {
              "flex": 1,
            }
          }
        >
          <Component
            style={
              Object {
                "alignItems": "center",
                "flexDirection": "row",
                "flexWrap": "wrap",
              }
            }
          >
            <Picker
              mode="dialog"
              selectedValue="country"
              style={
                Object {
                  "flex": 1,
                }
              }
            >
              <PickerItem
                label="Country"
                value="country"
              />
            </Picker>
            <Button
              color="#622461"
              onPress={[Function]}
              title="all (0)"
            />
            <Button
              color="#999"
              onPress={[Function]}
              title="openvpn (0)"
            />
            <Button
              color="#999"
              onPress={[Function]}
              title="wireguard (0)"
            />
          </Component>
          <FlatList
            data={Array []}
            disableVirtualization={false}
            horizontal={false}
            initialNumToRender={10}
            keyExtractor={[Function]}
            maxToRenderPerBatch={10}
            numColumns={1}
            onEndReachedThreshold={2}
            renderItem={[Function]}
            scrollEventThrottle={50}
            updateCellsBatchingPeriod={50}
            windowSize={21}
          />
        </Component>,
      ],
      "virtual": undefined,
    },
    "ref": null,
    "rendered": Array [
      Object {
        "instance": null,
        "key": undefined,
        "nodeType": "class",
        "props": Object {
          "children": Array [
            <Styled(Body)
              style={
                Object {
                  "borderColor": "transparent",
                  "borderWidth": 0,
                  "width": "100%",
                }
              }
            >
              <Component
                style={
                  Object {
                    "alignItems": "center",
                    "flexDirection": "row",
                  }
                }
              >
                <Styled(Icon)
                  name="ios-search"
                  style={
                    Object {
                      "color": "#222",
                    }
                  }
                />
                <Styled(Input)
                  onChange={[Function]}
                  placeholder="Search proposals"
                  placeholderTextColor="#222"
                  style={
                    Object {
                      "color": "#222",
                    }
                  }
                />
              </Component>
            </Styled(Body)>,
            <Styled(Right)
              style={
                Object {
                  "borderColor": "transparent",
                  "flex": 0,
                }
              }
            >
              <Styled(Button)
                onPress={[Function]}
                transparent={true}
              >
                <Styled(Text)>
                  Close
                </Styled(Text)>
              </Styled(Button)>
            </Styled(Right)>,
          ],
          "hasSegment": true,
          "virtual": undefined,
        },
        "ref": null,
        "rendered": Array [
          Object {
            "instance": null,
            "key": undefined,
            "nodeType": "class",
            "props": Object {
              "children": <Component
                style={
                  Object {
                    "alignItems": "center",
                    "flexDirection": "row",
                  }
                }
              >
                <Styled(Icon)
                  name="ios-search"
                  style={
                    Object {
                      "color": "#222",
                    }
                  }
                />
                <Styled(Input)
                  onChange={[Function]}
                  placeholder="Search proposals"
                  placeholderTextColor="#222"
                  style={
                    Object {
                      "color": "#222",
                    }
                  }
                />
              </Component>,
              "style": Object {
                "borderColor": "transparent",
                "borderWidth": 0,
                "width": "100%",
              },
              "virtual": undefined,
            },
            "ref": null,
            "rendered": Object {
              "instance": null,
              "key": undefined,
              "nodeType": "class",
              "props": Object {
                "children": Array [
                  <Styled(Icon)
                    name="ios-search"
                    style={
                      Object {
                        "color": "#222",
                      }
                    }
                  />,
                  <Styled(Input)
                    onChange={[Function]}
                    placeholder="Search proposals"
                    placeholderTextColor="#222"
                    style={
                      Object {
                        "color": "#222",
                      }
                    }
                  />,
                ],
                "style": Object {
                  "alignItems": "center",
                  "flexDirection": "row",
                },
              },
              "ref": null,
              "rendered": Array [
                Object {
                  "instance": null,
                  "key": undefined,
                  "nodeType": "class",
                  "props": Object {
                    "name": "ios-search",
                    "style": Object {
                      "color": "#222",
                    },
                    "virtual": undefined,
                  },
                  "ref": null,
                  "rendered": null,
                  "type": [Function],
                },
                Object {
                  "instance": null,
                  "key": undefined,
                  "nodeType": "class",
                  "props": Object {
                    "onChange": [Function],
                    "placeholder": "Search proposals",
                    "placeholderTextColor": "#222",
                    "style": Object {
                      "color": "#222",
                    },
                    "virtual": undefined,
                  },
                  "ref": null,
                  "rendered": null,
                  "type": [Function],
                },
              ],
              "type": [Function],
            },
            "type": [Function],
          },
          Object {
            "instance": null,
            "key": undefined,
            "nodeType": "class",
            "props": Object {
              "children": <Styled(Button)
                onPress={[Function]}
                transparent={true}
              >
                <Styled(Text)>
                  Close
                </Styled(Text)>
              </Styled(Button)>,
              "style": Object {
                "borderColor": "transparent",
                "flex": 0,
              },
              "virtual": undefined,
            },
            "ref": null,
            "rendered": Object {
              "instance": null,
              "key": undefined,
              "nodeType": "class",
              "props": Object {
                "children": <Styled(Text)>
                  Close
                </Styled(Text)>,
                "onPress": [Function],
                "transparent": true,
                "virtual": undefined,
              },
              "ref": null,
              "rendered": Object {
                "instance": null,
                "key": undefined,
                "nodeType": "class",
                "props": Object {
                  "children": "Close",
                  "virtual": undefined,
                },
                "ref": null,
                "rendered": "Close",
                "type": [Function],
              },
              "type": [Function],
            },
            "type": [Function],
          },
        ],
        "type": [Function],
      },
      Object {
        "instance": null,
        "key": undefined,
        "nodeType": "class",
        "props": Object {
          "children": Array [
            <Component
              style={
                Object {
                  "alignItems": "center",
                  "flexDirection": "row",
                  "flexWrap": "wrap",
                }
              }
            >
              <Picker
                mode="dialog"
                selectedValue="country"
                style={
                  Object {
                    "flex": 1,
                  }
                }
              >
                <PickerItem
                  label="Country"
                  value="country"
                />
              </Picker>
              <Button
                color="#622461"
                onPress={[Function]}
                title="all (0)"
              />
              <Button
                color="#999"
                onPress={[Function]}
                title="openvpn (0)"
              />
              <Button
                color="#999"
                onPress={[Function]}
                title="wireguard (0)"
              />
            </Component>,
            <FlatList
              data={Array []}
              disableVirtualization={false}
              horizontal={false}
              initialNumToRender={10}
              keyExtractor={[Function]}
              maxToRenderPerBatch={10}
              numColumns={1}
              onEndReachedThreshold={2}
              renderItem={[Function]}
              scrollEventThrottle={50}
              updateCellsBatchingPeriod={50}
              windowSize={21}
            />,
          ],
          "style": Object {
            "flex": 1,
          },
        },
        "ref": null,
        "rendered": Array [
          Object {
            "instance": null,
            "key": undefined,
            "nodeType": "class",
            "props": Object {
              "children": Array [
                <Picker
                  mode="dialog"
                  selectedValue="country"
                  style={
                    Object {
                      "flex": 1,
                    }
                  }
                >
                  <PickerItem
                    label="Country"
                    value="country"
                  />
                </Picker>,
                Array [
                  <Button
                    color="#622461"
                    onPress={[Function]}
                    title="all (0)"
                  />,
                  <Button
                    color="#999"
                    onPress={[Function]}
                    title="openvpn (0)"
                  />,
                  <Button
                    color="#999"
                    onPress={[Function]}
                    title="wireguard (0)"
                  />,
                ],
              ],
              "style": Object {
                "alignItems": "center",
                "flexDirection": "row",
                "flexWrap": "wrap",
              },
            },
            "ref": null,
            "rendered": Array [
              Object {
                "instance": null,
                "key": undefined,
                "nodeType": "class",
                "props": Object {
                  "children": <PickerItem
                    label="Country"
                    value="country"
                  />,
                  "mode": "dialog",
                  "selectedValue": "country",
                  "style": Object {
                    "flex": 1,
                  },
                },
                "ref": null,
                "rendered": Object {
                  "instance": null,
                  "key": undefined,
                  "nodeType": "class",
                  "props": Object {
                    "label": "Country",
                    "value": "country",
                  },
                  "ref": null,
                  "rendered": null,
                  "type": [Function],
                },
                "type": [Function],
              },
              Object {
                "instance": null,
                "key": "all (0)",
                "nodeType": "class",
                "props": Object {
                  "color": "#622461",
                  "onPress": [Function],
                  "title": "all (0)",
                },
                "ref": null,
                "rendered": null,
                "type": [Function],
              },
              Object {
                "instance": null,
                "key": "openvpn (0)",
                "nodeType": "class",
                "props": Object {
                  "color": "#999",
                  "onPress": [Function],
                  "title": "openvpn (0)",
                },
                "ref": null,
                "rendered": null,
                "type": [Function],
              },
              Object {
                "instance": null,
                "key": "wireguard (0)",
                "nodeType": "class",
                "props": Object {
                  "color": "#999",
                  "onPress": [Function],
                  "title": "wireguard (0)",
                },
                "ref": null,
                "rendered": null,
                "type": [Function],
              },
            ],
            "type": [Function],
          },
          Object {
            "instance": null,
            "key": undefined,
            "nodeType": "class",
            "props": Object {
              "data": Array [],
              "disableVirtualization": false,
              "horizontal": false,
              "initialNumToRender": 10,
              "keyExtractor": [Function],
              "maxToRenderPerBatch": 10,
              "numColumns": 1,
              "onEndReachedThreshold": 2,
              "renderItem": [Function],
              "scrollEventThrottle": 50,
              "updateCellsBatchingPeriod": 50,
              "windowSize": 21,
            },
            "ref": null,
            "rendered": null,
            "type": [Function],
          },
        ],
        "type": [Function],
      },
    ],
    "type": [Function],
  },
  Symbol(enzyme.__nodes__): Array [
    Object {
      "instance": null,
      "key": undefined,
      "nodeType": "class",
      "props": Object {
        "children": Array [
          <Styled(Header)
            hasSegment={true}
          >
            <Styled(Body)
              style={
                Object {
                  "borderColor": "transparent",
                  "borderWidth": 0,
                  "width": "100%",
                }
              }
            >
              <Component
                style={
                  Object {
                    "alignItems": "center",
                    "flexDirection": "row",
                  }
                }
              >
                <Styled(Icon)
                  name="ios-search"
                  style={
                    Object {
                      "color": "#222",
                    }
                  }
                />
                <Styled(Input)
                  onChange={[Function]}
                  placeholder="Search proposals"
                  placeholderTextColor="#222"
                  style={
                    Object {
                      "color": "#222",
                    }
                  }
                />
              </Component>
            </Styled(Body)>
            <Styled(Right)
              style={
                Object {
                  "borderColor": "transparent",
                  "flex": 0,
                }
              }
            >
              <Styled(Button)
                onPress={[Function]}
                transparent={true}
              >
                <Styled(Text)>
                  Close
                </Styled(Text)>
              </Styled(Button)>
            </Styled(Right)>
          </Styled(Header)>,
          <Component
            style={
              Object {
                "flex": 1,
              }
            }
          >
            <Component
              style={
                Object {
                  "alignItems": "center",
                  "flexDirection": "row",
                  "flexWrap": "wrap",
                }
              }
            >
              <Picker
                mode="dialog"
                selectedValue="country"
                style={
                  Object {
                    "flex": 1,
                  }
                }
              >
                <PickerItem
                  label="Country"
                  value="country"
                />
              </Picker>
              <Button
                color="#622461"
                onPress={[Function]}
                title="all (0)"
              />
              <Button
                color="#999"
                onPress={[Function]}
                title="openvpn (0)"
              />
              <Button
                color="#999"
                onPress={[Function]}
                title="wireguard (0)"
              />
            </Component>
            <FlatList
              data={Array []}
              disableVirtualization={false}
              horizontal={false}
              initialNumToRender={10}
              keyExtractor={[Function]}
              maxToRenderPerBatch={10}
              numColumns={1}
              onEndReachedThreshold={2}
              renderItem={[Function]}
              scrollEventThrottle={50}
              updateCellsBatchingPeriod={50}
              windowSize={21}
            />
          </Component>,
        ],
        "virtual": undefined,
      },
      "ref": null,
      "rendered": Array [
        Object {
          "instance": null,
          "key": undefined,
          "nodeType": "class",
          "props": Object {
            "children": Array [
              <Styled(Body)
                style={
                  Object {
                    "borderColor": "transparent",
                    "borderWidth": 0,
                    "width": "100%",
                  }
                }
              >
                <Component
                  style={
                    Object {
                      "alignItems": "center",
                      "flexDirection": "row",
                    }
                  }
                >
                  <Styled(Icon)
                    name="ios-search"
                    style={
                      Object {
                        "color": "#222",
                      }
                    }
                  />
                  <Styled(Input)
                    onChange={[Function]}
                    placeholder="Search proposals"
                    placeholderTextColor="#222"
                    style={
                      Object {
                        "color": "#222",
                      }
                    }
                  />
                </Component>
              </Styled(Body)>,
              <Styled(Right)
                style={
                  Object {
                    "borderColor": "transparent",
                    "flex": 0,
                  }
                }
              >
                <Styled(Button)
                  onPress={[Function]}
                  transparent={true}
                >
                  <Styled(Text)>
                    Close
                  </Styled(Text)>
                </Styled(Button)>
              </Styled(Right)>,
            ],
            "hasSegment": true,
            "virtual": undefined,
          },
          "ref": null,
          "rendered": Array [
            Object {
              "instance": null,
              "key": undefined,
              "nodeType": "class",
              "props": Object {
                "children": <Component
                  style={
                    Object {
                      "alignItems": "center",
                      "flexDirection": "row",
                    }
                  }
                >
                  <Styled(Icon)
                    name="ios-search"
                    style={
                      Object {
                        "color": "#222",
                      }
                    }
                  />
                  <Styled(Input)
                    onChange={[Function]}
                    placeholder="Search proposals"
                    placeholderTextColor="#222"
                    style={
                      Object {
                        "color": "#222",
                      }
                    }
                  />
                </Component>,
                "style": Object {
                  "borderColor": "transparent",
                  "borderWidth": 0,
                  "width": "100%",
                },
                "virtual": undefined,
              },
              "ref": null,
              "rendered": Object {
                "instance": null,
                "key": undefined,
                "nodeType": "class",
                "props": Object {
                  "children": Array [
                    <Styled(Icon)
                      name="ios-search"
                      style={
                        Object {
                          "color": "#222",
                        }
                      }
                    />,
                    <Styled(Input)
                      onChange={[Function]}
                      placeholder="Search proposals"
                      placeholderTextColor="#222"
                      style={
                        Object {
                          "color": "#222",
                        }
                      }
                    />,
                  ],
                  "style": Object {
                    "alignItems": "center",
                    "flexDirection": "row",
                  },
                },
                "ref": null,
                "rendered": Array [
                  Object {
                    "instance": null,
                    "key": undefined,
                    "nodeType": "class",
                    "props": Object {
                      "name": "ios-search",
                      "style": Object {
                        "color": "#222",
                      },
                      "virtual": undefined,
                    },
                    "ref": null,
                    "rendered": null,
                    "type": [Function],
                  },
                  Object {
                    "instance": null,
                    "key": undefined,
                    "nodeType": "class",
                    "props": Object {
                      "onChange": [Function],
                      "placeholder": "Search proposals",
                      "placeholderTextColor": "#222",
                      "style": Object {
                        "color": "#222",
                      },
                      "virtual": undefined,
                    },
                    "ref": null,
                    "rendered": null,
                    "type": [Function],
                  },
                ],
                "type": [Function],
              },
              "type": [Function],
            },
            Object {
              "instance": null,
              "key": undefined,
              "nodeType": "class",
              "props": Object {
                "children": <Styled(Button)
                  onPress={[Function]}
                  transparent={true}
                >
                  <Styled(Text)>
                    Close
                  </Styled(Text)>
                </Styled(Button)>,
                "style": Object {
                  "borderColor": "transparent",
                  "flex": 0,
                },
                "virtual": undefined,
              },
              "ref": null,
              "rendered": Object {
                "instance": null,
                "key": undefined,
                "nodeType": "class",
                "props": Object {
                  "children": <Styled(Text)>
                    Close
                  </Styled(Text)>,
                  "onPress": [Function],
                  "transparent": true,
                  "virtual": undefined,
                },
                "ref": null,
                "rendered": Object {
                  "instance": null,
                  "key": undefined,
                  "nodeType": "class",
                  "props": Object {
                    "children": "Close",
                    "virtual": undefined,
                  },
                  "ref": null,
                  "rendered": "Close",
                  "type": [Function],
                },
                "type": [Function],
              },
              "type": [Function],
            },
          ],
          "type": [Function],
        },
        Object {
          "instance": null,
          "key": undefined,
          "nodeType": "class",
          "props": Object {
            "children": Array [
              <Component
                style={
                  Object {
                    "alignItems": "center",
                    "flexDirection": "row",
                    "flexWrap": "wrap",
                  }
                }
              >
                <Picker
                  mode="dialog"
                  selectedValue="country"
                  style={
                    Object {
                      "flex": 1,
                    }
                  }
                >
                  <PickerItem
                    label="Country"
                    value="country"
                  />
                </Picker>
                <Button
                  color="#622461"
                  onPress={[Function]}
                  title="all (0)"
                />
                <Button
                  color="#999"
                  onPress={[Function]}
                  title="openvpn (0)"
                />
                <Button
                  color="#999"
                  onPress={[Function]}
                  title="wireguard (0)"
                />
              </Component>,
              <FlatList
                data={Array []}
                disableVirtualization={false}
                horizontal={false}
                initialNumToRender={10}
                keyExtractor={[Function]}
                maxToRenderPerBatch={10}
                numColumns={1}
                onEndReachedThreshold={2}
                renderItem={[Function]}
                scrollEventThrottle={50}
                updateCellsBatchingPeriod={50}
                windowSize={21}
              />,
            ],
            "style": Object {
              "flex": 1,
            },
          },
          "ref": null,
          "rendered": Array [
            Object {
              "instance": null,
              "key": undefined,
              "nodeType": "class",
              "props": Object {
                "children": Array [
                  <Picker
                    mode="dialog"
                    selectedValue="country"
                    style={
                      Object {
                        "flex": 1,
                      }
                    }
                  >
                    <PickerItem
                      label="Country"
                      value="country"
                    />
                  </Picker>,
                  Array [
                    <Button
                      color="#622461"
                      onPress={[Function]}
                      title="all (0)"
                    />,
                    <Button
                      color="#999"
                      onPress={[Function]}
                      title="openvpn (0)"
                    />,
                    <Button
                      color="#999"
                      onPress={[Function]}
                      title="wireguard (0)"
                    />,
                  ],
                ],
                "style": Object {
                  "alignItems": "center",
                  "flexDirection": "row",
                  "flexWrap": "wrap",
                },
              },
              "ref": null,
              "rendered": Array [
                Object {
                  "instance": null,
                  "key": undefined,
                  "nodeType": "class",
                  "props": Object {
                    "children": <PickerItem
                      label="Country"
                      value="country"
                    />,
                    "mode": "dialog",
                    "selectedValue": "country",
                    "style": Object {
                      "flex": 1,
                    },
                  },
                  "ref": null,
                  "rendered": Object {
                    "instance": null,
                    "key": undefined,
                    "nodeType": "class",
                    "props": Object {
                      "label": "Country",
                      "value": "country",
                    },
                    "ref": null,
                    "rendered": null,
                    "type": [Function],
                  },
                  "type": [Function],
                },
                Object {
                  "instance": null,
                  "key": "all (0)",
                  "nodeType": "class",
                  "props": Object {
                    "color": "#622461",
                    "onPress": [Function],
                    "title": "all (0)",
                  },
                  "ref": null,
                  "rendered": null,
                  "type": [Function],
                },
                Object {
                  "instance": null,
                  "key": "openvpn (0)",
                  "nodeType": "class",
                  "props": Object {
                    "color": "#999",
                    "onPress": [Function],
                    "title": "openvpn (0)",
                  },
                  "ref": null,
                  "rendered": null,
                  "type": [Function],
                },
                Object {
                  "instance": null,
                  "key": "wireguard (0)",
                  "nodeType": "class",
                  "props": Object {
                    "color": "#999",
                    "onPress": [Function],
                    "title": "wireguard (0)",
                  },
                  "ref": null,
                  "rendered": null,
                  "type": [Function],
                },
              ],
              "type": [Function],
            },
            Object {
              "instance": null,
              "key": undefined,
              "nodeType": "class",
              "props": Object {
                "data": Array [],
                "disableVirtualization": false,
                "horizontal": false,
                "initialNumToRender": 10,
                "keyExtractor": [Function],
                "maxToRenderPerBatch": 10,
                "numColumns": 1,
                "onEndReachedThreshold": 2,
                "renderItem": [Function],
                "scrollEventThrottle": 50,
                "updateCellsBatchingPeriod": 50,
                "windowSize": 21,
              },
              "ref": null,
              "rendered": null,
              "type": [Function],
            },
          ],
          "type": [Function],
        },
      ],
      "type": [Function],
    },
  ],
  Symbol(enzyme.__options__): Object {
    "adapter": ReactSixteenAdapter {
      "options": Object {
        "enableComponentDidUpdateOnSetState": true,
      },
    },
  },
}
`;
